' VSETCOLOR 0,15,15,15
VSETCOLOR 3,3,3,3
physical%=XBIOS(2)
logical%=XBIOS(3)
bufsize%=XBIOS(91)
DIM buffer|(bufsize%)
buffer%=(V:buffer|(0)+255) AND &HFFFFFF00
background%=buffer%+bufsize%
COLOR 3
PCIRCLE 2,2,2
GET 0,0,4,4,mypart$
DIM parts&(10,1)
DIM oldparts&(10,1)
DIM screen|(160,120)
screen|(80,60)=1
CLS
PUT 318,218,mypart$
' RC_COPY physical%,0,0,639,479 TO background%,0,0
DEFFN newx=r*COSQ(RAND(360))
DEFFN newy=r*SINQ(RAND(360))
r=40
FOR i&=0 TO 9
  fi=RAND(360)
  parts&(i&,0)=320+40*COSQ(fi)
  parts&(i&,1)=240+40*SINQ(fi)
  '  COLOR 0
  PUT parts&(i&,0),parts&(i&,1),mypart$
NEXT i&
REPEAT
  FOR i&=0 TO 9
    dice%=CINT(RAND(4))
    SELECT (dice%)
    CASE 0
      parts&(i&,0)=parts&(i&,0)+1
    CASE 1
      parts&(i&,0)=parts&(i&,0)-1
    CASE 2
      parts&(i&,1)=parts&(i&,1)+1
    CASE 3
      parts&(i&,1)=parts&(i&,1)-1
    ENDSELECT
    particlex&=INT(((parts&(i&,0)+4) DIV 4))
    particley&=INT(((parts&(i&,1)+4) DIV 4))
    IF screen|(particlex&+1,particley&)=1 OR screen|(particlex&-1,particley&)=1 OR screen|(particlex&,particley&+1) OR screen|(particlex&,particley&-1)=1
      screen|(particlex&,particley&)=1
      parts&(i&,0)=newx(r)
      parts&(i&,1)=newy(r)
      RC_COPY physical%,parts&(i&,0),parts&(i&,0),4,4 TO background%,parts&(i&,0),parts&(i&,1)
      VOID INP(2)
    ENDIF
    PUT parts&(i&,0),parts&(i&,1),mypart$
  NEXT i&
  BMOVE background%,physical%,bufsize%
  VSYNC
  INC particles%
UNTIL particles%=500
